[33mÔØ»[39m Building...
[32mÔ£ö[39m Building...
Application bundle generation failed. [5.135 seconds] - 2025-12-19T18:02:26.256Z

